[WARN] Unsupported engine: wanted: {"node":"24.20.0"} (current: {"node":"v24.14.0","pnpm":"11.25.0"})
✓ Lockfile passes supply-chain policies (verified 58m ago)
Lockfile is up to date, resolution step is skipped
Packages: +382
++++++++++++++++++++++++++++++++++++++++++++++++++++++++++++++++++++++++++++++++
Progress: resolved 0, reused 1, downloaded 0, added 0
Progress: resolved 0, reused 379, downloaded 0, added 0
Progress: resolved 0, reused 379, downloaded 0, added 1
Packages are hard linked from the content-addressable store to the virtual store.
  Content-addressable store is at: H:\.pnpm-store\v11
  Virtual store is at:             node_modules/.pnpm
Progress: resolved 0, reused 379, downloaded 0, added 22
Progress: resolved 0, reused 379, downloaded 0, added 23
Progress: resolved 0, reused 379, downloaded 0, added 28
Progress: resolved 0, reused 379, downloaded 0, added 29
Progress: resolved 0, reused 379, downloaded 0, added 46
Progress: resolved 0, reused 379, downloaded 0, added 47
Progress: resolved 0, reused 379, downloaded 0, added 48
Progress: resolved 0, reused 379, downloaded 0, added 49
Progress: resolved 0, reused 379, downloaded 0, added 51
Progress: resolved 0, reused 379, downloaded 0, added 57
Progress: resolved 0, reused 379, downloaded 0, added 61
Progress: resolved 0, reused 379, downloaded 0, added 71
Progress: resolved 0, reused 379, downloaded 0, added 72
Progress: resolved 0, reused 379, downloaded 0, added 96
Progress: resolved 0, reused 379, downloaded 0, added 107
Progress: resolved 0, reused 379, downloaded 0, added 118
Progress: resolved 0, reused 379, downloaded 0, added 137
Progress: resolved 0, reused 379, downloaded 0, added 138
Progress: resolved 0, reused 379, downloaded 0, added 152
Progress: resolved 0, reused 379, downloaded 0, added 155
Progress: resolved 0, reused 379, downloaded 0, added 159
Progress: resolved 0, reused 379, downloaded 0, added 175
Progress: resolved 0, reused 379, downloaded 0, added 184
Progress: resolved 0, reused 379, downloaded 0, added 185
Progress: resolved 0, reused 379, downloaded 0, added 189
Progress: resolved 0, reused 379, downloaded 0, added 191
Progress: resolved 0, reused 379, downloaded 0, added 193
Progress: resolved 0, reused 379, downloaded 0, added 194
Progress: resolved 0, reused 379, downloaded 0, added 195
Progress: resolved 0, reused 379, downloaded 0, added 198
Progress: resolved 0, reused 379, downloaded 0, added 201
Progress: resolved 0, reused 379, downloaded 0, added 217
Progress: resolved 0, reused 379, downloaded 0, added 226
Progress: resolved 0, reused 379, downloaded 0, added 230
Progress: resolved 0, reused 379, downloaded 0, added 231
Progress: resolved 0, reused 379, downloaded 0, added 250
Progress: resolved 0, reused 379, downloaded 0, added 262
Progress: resolved 0, reused 379, downloaded 0, added 268
Progress: resolved 0, reused 379, downloaded 0, added 275
Progress: resolved 0, reused 379, downloaded 0, added 280
Progress: resolved 0, reused 379, downloaded 0, added 308
Progress: resolved 0, reused 379, downloaded 0, added 320
Progress: resolved 0, reused 379, downloaded 0, added 335
Progress: resolved 0, reused 379, downloaded 0, added 340
Progress: resolved 0, reused 379, downloaded 0, added 341
Progress: resolved 0, reused 379, downloaded 0, added 343
Progress: resolved 0, reused 379, downloaded 0, added 345
